
> foxstone-marble@0.0.0 build
> tsc -b && vite build

[36mvite v8.0.2 [32mbuilding client environment for production...[36m[39m
[2K
transforming...Γ£ô 1987 modules transformed.
rendering chunks...
computing gzip size...
dist/index.html                   0.45 kB Γöé gzip:   0.29 kB
dist/assets/index-bqAaqQ4s.css   47.18 kB Γöé gzip:   7.70 kB
dist/assets/index-BTxIqIdy.js   420.25 kB Γöé gzip: 128.69 kB

[32mΓ£ô built in 1.69s[39m
